\section{Section 1}\label{section-1}

Hello, section 1.

\subsection{Section 2}\label{section-2}

Hello section 2.
